 
****************************************
Report : area
Design : fpu
Version: T-2022.03-SP4
Date   : Tue Aug 12 22:52:41 2025
****************************************

Library(s) Used:

    saed14rvt_ss0p6v125c (File: /home1/14_nmts/14_nmts/stdcell_rvt/db_ccs/saed14rvt_ss0p6v125c.db)
    saed14lvt_ss0p6v125c (File: /home1/14_nmts/14_nmts/stdcell_lvt/db_ccs/saed14lvt_ss0p6v125c.db)
    saed14rvt_dlvl_ss0p72v125c_i0p6v (File: /home1/14_nmts/14_nmts/stdcell_rvt/db_ccs/saed14rvt_dlvl_ss0p72v125c_i0p6v.db)
    saed14rvt_ulvl_ss0p72v125c_i0p6v (File: /home1/14_nmts/14_nmts/stdcell_rvt/db_ccs/saed14rvt_ulvl_ss0p72v125c_i0p6v.db)
    saed14rvt_ss0p72v125c (File: /home1/14_nmts/14_nmts/stdcell_rvt/db_ccs/saed14rvt_ss0p72v125c.db)

Number of ports:                        58334
Number of nets:                         86855
Number of cells:                        43219
Number of combinational cells:          32262
Number of sequential cells:              7277
Number of macros/black boxes:               0
Number of buf/inv:                       5701
Number of references:                      13

Combinational area:              11360.361463
Buf/Inv area:                     1056.941985
Noncombinational area:            6755.015991
Macro/Black Box area:                0.000000
Net Interconnect area:      undefined  (No wire load specified)

Total cell area:                 18115.377454
Total area:                 undefined
1
