 
****************************************
Report : timing
        -path full
        -delay max
        -group in2reg
        -max_paths 1
Design : fpu
Version: T-2022.03-SP4
Date   : Tue Aug 12 22:52:41 2025
****************************************
Wire Load Model Mode: Inactive.

  Startpoint: global_shift_enable
              (input port clocked by gclk)
  Endpoint: fpu_mul/fpu_mul_exp_dp/ckbuf_mul_exp_dp/clken_reg
            (negative level-sensitive latch clocked by gclk)
  Path Group: in2reg
  Path Type: max

  Point                                                   Incr       Path      Voltage
  ------------------------------------------------------------------------------------
  clock gclk (rise edge)                                  0.00       0.00      
  clock network delay (ideal)                             0.00       0.00      
  input external delay                                    0.50       0.50 r    
  global_shift_enable (in)                                0.00       0.50 r    
  fpu_rptr_groups/global_shift_enable (fpu_rptr_groups)
                                                          0.00       0.50 r    
  fpu_rptr_groups/i_ctu_tst_buf1_lo/in[2] (fpu_bufrpt_grp4_9)
                                                          0.00       0.50 r    
  fpu_rptr_groups/i_ctu_tst_buf1_lo/out[2] (fpu_bufrpt_grp4_9)
                                                          0.00       0.50 r    
  fpu_rptr_groups/global_shift_enable_buf1 (fpu_rptr_groups)
                                                          0.00       0.50 r    
  test_stub/global_shift_enable (test_stub_scan)          0.00       0.50 r    
  test_stub/se (test_stub_scan)                           0.00       0.50 r    
  fpu_rptr_groups/se (fpu_rptr_groups)                    0.00       0.50 r    
  fpu_rptr_groups/i_se_buf1/in[3] (fpu_bufrpt_grp4_7)     0.00       0.50 r    
  fpu_rptr_groups/i_se_buf1/out[3] (fpu_bufrpt_grp4_7)
                                                          0.00       0.50 r    
  fpu_rptr_groups/i_se_add_buf2/in[3] (fpu_bufrpt_grp4_6)
                                                          0.00       0.50 r    
  fpu_rptr_groups/i_se_add_buf2/out[3] (fpu_bufrpt_grp4_6)
                                                          0.00       0.50 r    
  fpu_rptr_groups/i_inq_id_add_buf1/in[27] (fpu_bufrpt_grp32_2)
                                                          0.00       0.50 r    
  fpu_rptr_groups/i_inq_id_add_buf1/out[27] (fpu_bufrpt_grp32_2)
                                                          0.00       0.50 r    
  fpu_rptr_groups/i_inq_id_mul_buf1/in[28] (fpu_bufrpt_grp32_1)
                                                          0.00       0.50 r    
  fpu_rptr_groups/i_inq_id_mul_buf1/out[28] (fpu_bufrpt_grp32_1)
                                                          0.00       0.50 r    
  fpu_rptr_groups/se_mul_buf4 (fpu_rptr_groups)           0.00       0.50 r    
  fpu_mul/se_mul (fpu_mul)                                0.00       0.50 r    
  fpu_mul/se_mul_UPF_LS/X (SAEDRVT14_LVLUBUF_IY2V1_1)     0.03       0.53 r    0.72
  fpu_mul/U5/X (SAEDRVT14_BUF_ECO_1)                      0.03       0.57 r    0.72
  fpu_mul/U23/X (SAEDRVT14_BUF_U_0P5)                     0.03       0.59 r    0.72
  fpu_mul/fpu_mul_exp_dp/IN20 (fpu_mul_fpu_mul_exp_dp_0)
                                                          0.00       0.59 r    
  fpu_mul/fpu_mul_exp_dp/U3/X (SAEDRVT14_INV_S_0P5)       0.10       0.69 f    0.72
  fpu_mul/fpu_mul_exp_dp/ckbuf_mul_exp_dp/tmb_l (fpu_mul_clken_buf_0)
                                                          0.00       0.69 f    
  fpu_mul/fpu_mul_exp_dp/ckbuf_mul_exp_dp/U2/X (SAEDRVT14_ND2_CDC_1)
                                                          0.03       0.72 r    0.72
  fpu_mul/fpu_mul_exp_dp/ckbuf_mul_exp_dp/clken_reg/D (SAEDRVT14_LDNQ_U_0P5)
                                                          0.00       0.72 r    0.72
  data arrival time                                                  0.72      

  clock gclk (fall edge)                                  0.83       0.83      
  clock network delay (ideal)                             0.00       0.83      
  fpu_mul/fpu_mul_exp_dp/ckbuf_mul_exp_dp/clken_reg/G (SAEDRVT14_LDNQ_U_0P5)
                                                          0.00       0.83 f    
  time borrowed from endpoint                             0.00       0.83      
  data required time                                                 0.83      
  ------------------------------------------------------------------------------------
  data required time                                                 0.83      
  data arrival time                                                 -0.72      
  ------------------------------------------------------------------------------------
  slack (MET)                                                        0.11      

  Time Borrowing Information
  --------------------------------------------------------------
  gclk nominal pulse width                                0.83                 
  library setup time                                     -0.02                 
  --------------------------------------------------------------
  max time borrow                                         0.81                 
  actual time borrow                                      0.00                 
  --------------------------------------------------------------


1
