 
****************************************
Report : timing
        -path full
        -delay max
        -group reg2out
        -max_paths 1
Design : fpu
Version: T-2022.03-SP4
Date   : Tue Aug 12 22:52:41 2025
****************************************
Wire Load Model Mode: Inactive.

  Startpoint: cluster_header/I0/dbginit_repeater/syncff/i0/u_FD
              (rising edge-triggered flip-flop clocked by gclk)
  Endpoint: so (output port clocked by gclk)
  Path Group: reg2out
  Path Type: max

  Point                                                   Incr       Path      Voltage
  ------------------------------------------------------------------------------------
  clock gclk (rise edge)                                  0.00       0.00      
  clock network delay (ideal)                             0.00       0.00      
  cluster_header/I0/dbginit_repeater/syncff/i0/u_FD/CK (SAEDRVT14_FSDPQ_V2LP_1)
                                                          0.00       0.00 r    0.60
  cluster_header/I0/dbginit_repeater/syncff/i0/u_FD/Q (SAEDRVT14_FSDPQ_V2LP_1)
                                                          0.03       0.03 f    0.60
  cluster_header/I0/dbginit_repeater/syncff/i0/U2/X (SAEDRVT14_ND2B_U_0P5)
                                                          0.03       0.06 f    0.60
  cluster_header/I0/dbginit_repeater/syncff/i0/so (zsoffasr_prim_0)
                                                          0.00       0.06 f    
  cluster_header/I0/dbginit_repeater/syncff/so (bw_u1_soffasr_2x_0)
                                                          0.00       0.06 f    
  cluster_header/I0/dbginit_repeater/so (synchronizer_asr_0)
                                                          0.00       0.06 f    
  cluster_header/I0/so (cluster_header)                   0.00       0.06 f    
  cluster_header/so (bw_clk_cl_fpu_cmp)                   0.00       0.06 f    
  fpu_rptr_groups/scan_manual_6 (fpu_rptr_groups)         0.00       0.06 f    
  fpu_rptr_groups/i_so_cluster_header_buf1/in[3] (fpu_bufrpt_grp4_1)
                                                          0.00       0.06 f    
  fpu_rptr_groups/i_so_cluster_header_buf1/out[3] (fpu_bufrpt_grp4_1)
                                                          0.00       0.06 f    
  fpu_rptr_groups/scan_manual_6_buf1 (fpu_rptr_groups)
                                                          0.00       0.06 f    
  test_stub/long_chain_so_0 (test_stub_scan)              0.00       0.06 f    
  test_stub/U3/X (SAEDRVT14_AO32_U_0P5)                   0.04       0.10 f    0.60
  test_stub/so_0 (test_stub_scan)                         0.00       0.10 f    
  fpu_rptr_groups/so_unbuf (fpu_rptr_groups)              0.00       0.10 f    
  fpu_rptr_groups/i_se_buf1/in[1] (fpu_bufrpt_grp4_7)     0.00       0.10 f    
  fpu_rptr_groups/i_se_buf1/out[1] (fpu_bufrpt_grp4_7)
                                                          0.00       0.10 f    
  fpu_rptr_groups/i_fp_cpx_buf1_9/in[9] (fpu_rptr_fp_cpx_grp16_0)
                                                          0.00       0.10 f    
  fpu_rptr_groups/i_fp_cpx_buf1_9/out[9] (fpu_rptr_fp_cpx_grp16_0)
                                                          0.00       0.10 f    
  fpu_rptr_groups/so (fpu_rptr_groups)                    0.00       0.10 f    
  so (out)                                                0.00       0.10 f    
  data arrival time                                                  0.10      

  clock gclk (rise edge)                                  1.66       1.66      
  clock network delay (ideal)                             0.00       1.66      
  output external delay                                  -0.50       1.16      
  data required time                                                 1.16      
  ------------------------------------------------------------------------------------
  data required time                                                 1.16      
  data arrival time                                                 -0.10      
  ------------------------------------------------------------------------------------
  slack (MET)                                                        1.06      


1
